ProgramNode (1:0, 1:13)
    VariableDeclarationListNode (1:4, 1:13)
    --> declarations:
        VariableDeclarationNode (1:4, 1:13)
        --> identifier:
            IdentifierNode (1:4, 1:13) : { name: x }
        --> initValue:
            ArrayExpressionNode (1:8, 1:13)
            --> elements:
                LiteralNode (1:10, 1:10) : { value: 42 }
