ProgramNode (1:0, 1:6)
    AssignmentExpressionNode (1:0, 1:6) { operator: = }
    --> left operand:
        IdentifierNode (1:0, 1:0) : { name: x }
    --> right operand:
        ObjectExpressionNode (1:4, 1:6)
