ProgramNode (1:0, 7:0)
    AssignmentExpressionNode (1:0, 7:0) { operator: = }
    --> left operand:
        IdentifierNode (1:0, 1:0) : { name: x }
    --> right operand:
        ObjectExpressionNode (1:4, 7:0)
        --> properties:
            PropertyNode (2:4, 2:7)
            --> key:
                IdentifierNode (2:4, 2:4) : { name: a }
            --> value:
                LiteralNode (2:7, 2:7) : { value: 1 }
            PropertyNode (3:4, 3:8)
            --> key:
                IdentifierNode (3:4, 3:4) : { name: b }
            --> value:
                ArrayExpressionNode (3:7, 3:8)
                --> elements: empty
            PropertyNode (4:4, 6:4)
            --> key:
                IdentifierNode (4:4, 4:4) : { name: c }
            --> value:
                ObjectExpressionNode (4:7, 6:4)
                --> properties:
                    PropertyNode (5:8, 5:11)
                    --> key:
                        IdentifierNode (5:8, 5:8) : { name: d }
                    --> value:
                        LiteralNode (5:11, 5:11) : { value: 2 }
