ProgramNode (1:0, 1:13)
    AssignmentExpressionNode (1:0, 1:13) { operator: = }
    --> left operand:
        IdentifierNode (1:0, 1:0) : { name: x }
    --> right operand:
        ObjectExpressionNode (1:4, 1:13)
        --> properties:
            PropertyNode (1:6, 1:10)
            --> key:
                LiteralNode (1:6, 1:6) : { value: 42 }
            --> value:
                LiteralNode (1:10, 1:10) : { value: 42 }
