ProgramNode (1:0, 1:0)
    LiteralNode (1:0, 1:0) : { value: "Hello\nworld" }