ProgramNode (1:0, 1:0)
    LiteralNode (1:0, 1:0) : { value: "\n\r\t\v\b\f\\\'\"\0" }