(program (sourceElements (sourceElement (functionDeclaration function sum ( (formalParameterList a , b , c) ) { (functionBody (sourceElements (sourceElement (statement (returnStatement return (expressionSequence (singleExpression (singleExpression (singleExpression sum) (arguments ( (argumentList (singleExpression a) , (singleExpression b) , (singleExpression (literal (numericLiteral 100)))) ))) * (singleExpression c))) (eos ;)))))) })) (sourceElement (statement (iterationStatement for ( (expressionSequence (singleExpression (singleExpression i) = (expressionSequence (singleExpression (literal (numericLiteral 1)))))) ; (expressionSequence (singleExpression (singleExpression i) < (singleExpression (literal (numericLiteral 10))))) ; (expressionSequence (singleExpression (singleExpression i) ++)) ) (statement (block { (statementList (statement (ifStatement if ( (expressionSequence (singleExpression (singleExpression i) === (singleExpression (literal (numericLiteral 5))))) ) (statement (breakStatement break (eos ;))))) (statement (expressionStatement (expressionSequence (singleExpression (singleExpression (singleExpression console) . (identifierName log)) (arguments ( (argumentList (singleExpression i)) )))))) (statement (emptyStatement ;))) })))))) <EOF>)