ProgramNode (1:0, 1:12)
    CallExpressionNode (1:0, 1:12)
    --> callable:
        IdentifierNode (1:5, 1:5) : { name: foo }