ProgramNode (1:0, 1:12)
    CallExpressionNode (1:0, 1:12)
    --> callable:
        IdentifierNode (1:0, 1:0) : { name: foo }
    --> arguments:
        IdentifierNode (1:4, 1:4) : { name: bar }
        IdentifierNode (1:9, 1:9) : { name: baz }