ProgramNode (1:0, 1:18)
    MemberExpressionNode (1:0, 1:18) { computed: false }
    --> object:
        MemberExpressionNode (1:0, 1:9) { computed: false }
        --> object:
            IdentifierNode (1:0, 1:0) : { name: universe }
        --> property:
            IdentifierNode (1:9, 1:9) : { name: milkyway }
    --> property:
        IdentifierNode (1:18, 1:18) : { name: solarsystem }