ProgramNode (1:0, 1:13)
    FunctionExpressionNode (1:1, 1:12)
    --> body: empty