ProgramNode (1:0, 1:23)
    FunctionDeclarationNode (1:0, 1:23)
    --> name:
        IdentifierNode (1:0, 1:23) : { name: arguments }
    --> body: empty