ProgramNode (1:0, 1:37)
    VariableDeclarationListNode (1:4, 1:36)
    --> declarations:
        VariableDeclarationNode (1:4, 1:36)
        --> identifier:
            IdentifierNode (1:4, 1:36) : { name: hello }
        --> initValue:
            FunctionExpressionNode (1:12, 1:36)
            --> name:
                IdentifierNode (1:12, 1:36) : { name: hi }
            --> body:
                CallExpressionNode (1:28, 1:34)
                --> callable:
                    IdentifierNode (1:28, 1:28) : { name: sayHi }