ProgramNode (1:0, 1:34)
    BlockStatementNode (1:0, 1:34)
        CallExpressionNode (1:2, 1:15)
        --> callable:
            MemberExpressionNode (1:2, 1:10) { computed: false }
            --> object:
                IdentifierNode (1:2, 1:2) : { name: console }
            --> property:
                IdentifierNode (1:10, 1:10) : { name: log }
        --> arguments:
            LiteralNode (1:14, 1:14) : { value: 1 }
        CallExpressionNode (1:18, 1:31)
        --> callable:
            MemberExpressionNode (1:18, 1:26) { computed: false }
            --> object:
                IdentifierNode (1:18, 1:18) : { name: console }
            --> property:
                IdentifierNode (1:26, 1:26) : { name: log }
        --> arguments:
            LiteralNode (1:30, 1:30) : { value: 2 }