ProgramNode (1:0, 3:13)
    VariableDeclarationListNode (1:4, 3:8)
    --> declarations:
        VariableDeclarationNode (1:4, 1:8)
        --> identifier:
            IdentifierNode (1:4, 1:8) : { name: a }
        --> initValue:
            LiteralNode (1:8, 1:8) : { value: 2 }
        VariableDeclarationNode (2:4, 2:8)
        --> identifier:
            IdentifierNode (2:4, 2:8) : { name: b }
        --> initValue:
            LiteralNode (2:8, 2:8) : { value: 3 }
        VariableDeclarationNode (3:4, 3:8)
        --> identifier:
            IdentifierNode (3:4, 3:8) : { name: c }
        --> initValue:
            LiteralNode (3:8, 3:8) : { value: 'asd' }
