ProgramNode (1:0, 1:5)
    LogicalExpressionNode (1:0, 1:5) { operator: && }
    --> left operand:
        IdentifierNode (1:0, 1:0) : { name: x }
    --> right operand:
        IdentifierNode (1:5, 1:5) : { name: y }
